2026-07-11 19:15:48,299 - INFO - [PIRAMALFIN_NS] Inserted 375 rows (duplicates ignored)
2026-07-11 19:15:48,300 - INFO - Inserted 375 rows for PIRAMALFIN.NS
2026-07-11 19:15:48,457 - INFO - [NBCC_NS] Inserted 375 rows (duplicates ignored)
2026-07-11 19:15:48,457 - INFO - Inserted 375 rows for NBCC.NS
2026-07-11 19:15:48,707 - INFO - [PNBHOUSING_NS] Inserted 375 rows (duplicates ignored)
2026-07-11 19:15:48,707 - INFO - Inserted 375 rows for PNBHOUSING.NS
2026-07-11 19:15:48,954 - INFO - [NEULANDLAB_NS] Inserted 363 rows (duplicates ignored)
2026-07-11 19:15:48,954 - INFO - Inserted 363 rows for NEULANDLAB.NS
2026-07-11 19:15:49,178 - INFO - [KAYNES_NS] Inserted 375 rows (duplicates ignored)
2026-07-11 19:15:49,178 - INFO - Inserted 375 rows for KAYNES.NS
2026-07-11 19:15:49,295 - INFO - [SAILIFE_NS] Inserted 375 rows (duplicates ignored)
2026-07-11 19:15:49,295 - INFO - Inserted 375 rows for SAILIFE.NS
2026-07-11 19:15:49,571 - INFO - [HSCL_NS] Inserted 375 rows (duplicates ignored)
2026-07-11 19:15:49,571 - INFO - Inserted 375 rows for HSCL.NS
2026-07-11 19:15:49,689 - INFO - [GLAND_NS] Inserted 375 rows (duplicates ignored)
2026-07-11 19:15:49,689 - INFO - Inserted 375 rows for GLAND.NS
2026-07-11 19:15:49,934 - INFO - [NATCOPHARM_NS] Inserted 375 rows (duplicates ignored)
2026-07-11 19:15:49,934 - INFO - Inserted 375 rows for NATCOPHARM.NS
2026-07-11 19:15:50,134 - INFO - [CHOLAHLDNG_NS] Inserted 356 rows (duplicates ignored)
2026-07-11 19:15:50,134 - INFO - Inserted 356 rows for CHOLAHLDNG.NS
2026-07-11 19:15:50,302 - INFO - [AFFLE_NS] Inserted 368 rows (duplicates ignored)
2026-07-11 19:15:50,302 - INFO - Inserted 368 rows for AFFLE.NS
2026-07-11 19:15:50,560 - INFO - [POONAWALLA_NS] Inserted 375 rows (duplicates ignored)
2026-07-11 19:15:50,560 - INFO - Inserted 375 rows for POONAWALLA.NS
2026-07-11 19:15:50,684 - INFO - [ANGELONE_NS] Inserted 375 rows (duplicates ignored)
2026-07-11 19:15:50,685 - INFO - Inserted 375 rows for ANGELONE.NS
2026-07-11 19:15:50,895 - INFO - [CROMPTON_NS] Inserted 373 rows (duplicates ignored)
2026-07-11 19:15:50,895 - INFO - Inserted 373 rows for CROMPTON.NS
2026-07-11 19:15:51,097 - INFO - [ASTERDM_NS] Inserted 375 rows (duplicates ignored)
2026-07-11 19:15:51,097 - INFO - Inserted 375 rows for ASTERDM.NS
2026-07-11 19:15:51,317 - INFO - [COHANCE_NS] Inserted 375 rows (duplicates ignored)
2026-07-11 19:15:51,317 - INFO - Inserted 375 rows for COHANCE.NS
2026-07-11 19:15:51,448 - INFO - [TATATECH_NS] Inserted 375 rows (duplicates ignored)
2026-07-11 19:15:51,449 - INFO - Inserted 375 rows for TATATECH.NS
2026-07-11 19:15:51,718 - INFO - [SONACOMS_NS] Inserted 375 rows (duplicates ignored)
2026-07-11 19:15:51,719 - INFO - Inserted 375 rows for SONACOMS.NS
2026-07-11 19:15:51,978 - INFO - [AMBER_NS] Inserted 375 rows (duplicates ignored)
2026-07-11 19:15:51,978 - INFO - Inserted 375 rows for AMBER.NS
2026-07-11 19:15:51,992 - INFO - Cycle complete. README updated.
